<?xml version="1.0" encoding="ISO-8859-1" ?>
<link_info>
   <banner>TMS320C2000 Linker PC v18.1.4.LTS</banner>
   <copyright>Copyright (c) 1996-2018 Texas Instruments Incorporated</copyright>
   <link_time>0x5dd2f994</link_time>
   <link_errors>0x0</link_errors>
   <output_file>idle_TMS320F28027.out</output_file>
   <entry_point>
      <name>_c_int00</name>
      <address>0x3f0ec4</address>
   </entry_point>
   <input_file_list>
      <input_file id="fl-2">
         <path>.\</path>
         <kind>object</kind>
         <file>DeviceInit_18Nov2018.obj</file>
         <name>DeviceInit_18Nov2018.obj</name>
      </input_file>
      <input_file id="fl-3">
         <path>.\</path>
         <kind>object</kind>
         <file>F2802x_GlobalVariableDefs.obj</file>
         <name>F2802x_GlobalVariableDefs.obj</name>
      </input_file>
      <input_file id="fl-4">
         <path>.\</path>
         <kind>object</kind>
         <file>idle.obj</file>
         <name>idle.obj</name>
      </input_file>
      <input_file id="fl-5">
         <path>.\</path>
         <kind>object</kind>
         <file>nrf24.obj</file>
         <name>nrf24.obj</name>
      </input_file>
      <input_file id="fl-6">
         <path>.\</path>
         <kind>object</kind>
         <file>radioPinFunctions.obj</file>
         <name>radioPinFunctions.obj</name>
      </input_file>
      <input_file id="fl-a">
         <path>C:\ti\workspace\idle_TMS320F28027\Debug\configPkg\package\cfg\</path>
         <kind>object</kind>
         <file>idle_p28L.o28L</file>
         <name>idle_p28L.o28L</name>
      </input_file>
      <input_file id="fl-11">
         <kind>object</kind>
         <file>&lt;internal&gt;</file>
         <name>&lt;internal&gt;</name>
      </input_file>
      <input_file id="fl-12">
         <path>C:\ti\workspace\idle_TMS320F28027\src\sysbios\</path>
         <kind>archive</kind>
         <file>sysbios.a28L</file>
         <name>BIOS.obj</name>
      </input_file>
      <input_file id="fl-13">
         <path>C:\ti\workspace\idle_TMS320F28027\src\sysbios\</path>
         <kind>archive</kind>
         <file>sysbios.a28L</file>
         <name>c28_Hwi_asm.obj</name>
      </input_file>
      <input_file id="fl-14">
         <path>C:\ti\workspace\idle_TMS320F28027\src\sysbios\</path>
         <kind>archive</kind>
         <file>sysbios.a28L</file>
         <name>c28_Hwi_disp_asm.obj</name>
      </input_file>
      <input_file id="fl-15">
         <path>C:\ti\bios_6_76_02_02\packages\ti\catalog\c2800\init\lib\</path>
         <kind>archive</kind>
         <file>Boot.a28L</file>
         <name>Boot.o28L</name>
      </input_file>
      <input_file id="fl-16">
         <path>C:\ti\bios_6_76_02_02\packages\ti\targets\rts2800\lib\</path>
         <kind>archive</kind>
         <file>ti.targets.rts2800.a28L</file>
         <name>Assert.o28L</name>
      </input_file>
      <input_file id="fl-17">
         <path>C:\ti\bios_6_76_02_02\packages\ti\targets\rts2800\lib\</path>
         <kind>archive</kind>
         <file>ti.targets.rts2800.a28L</file>
         <name>Core-mem.o28L</name>
      </input_file>
      <input_file id="fl-18">
         <path>C:\ti\bios_6_76_02_02\packages\ti\targets\rts2800\lib\</path>
         <kind>archive</kind>
         <file>ti.targets.rts2800.a28L</file>
         <name>Core-smem.o28L</name>
      </input_file>
      <input_file id="fl-19">
         <path>C:\ti\bios_6_76_02_02\packages\ti\targets\rts2800\lib\</path>
         <kind>archive</kind>
         <file>ti.targets.rts2800.a28L</file>
         <name>Core-label.o28L</name>
      </input_file>
      <input_file id="fl-1a">
         <path>C:\ti\bios_6_76_02_02\packages\ti\targets\rts2800\lib\</path>
         <kind>archive</kind>
         <file>ti.targets.rts2800.a28L</file>
         <name>Core-params.o28L</name>
      </input_file>
      <input_file id="fl-1b">
         <path>C:\ti\bios_6_76_02_02\packages\ti\targets\rts2800\lib\</path>
         <kind>archive</kind>
         <file>ti.targets.rts2800.a28L</file>
         <name>Error.o28L</name>
      </input_file>
      <input_file id="fl-1c">
         <path>C:\ti\bios_6_76_02_02\packages\ti\targets\rts2800\lib\</path>
         <kind>archive</kind>
         <file>ti.targets.rts2800.a28L</file>
         <name>Gate.o28L</name>
      </input_file>
      <input_file id="fl-1d">
         <path>C:\ti\bios_6_76_02_02\packages\ti\targets\rts2800\lib\</path>
         <kind>archive</kind>
         <file>ti.targets.rts2800.a28L</file>
         <name>GateNull.o28L</name>
      </input_file>
      <input_file id="fl-1e">
         <path>C:\ti\bios_6_76_02_02\packages\ti\targets\rts2800\lib\</path>
         <kind>archive</kind>
         <file>ti.targets.rts2800.a28L</file>
         <name>HeapStd.o28L</name>
      </input_file>
      <input_file id="fl-1f">
         <path>C:\ti\bios_6_76_02_02\packages\ti\targets\rts2800\lib\</path>
         <kind>archive</kind>
         <file>ti.targets.rts2800.a28L</file>
         <name>LoggerBuf.o28L</name>
      </input_file>
      <input_file id="fl-20">
         <path>C:\ti\bios_6_76_02_02\packages\ti\targets\rts2800\lib\</path>
         <kind>archive</kind>
         <file>ti.targets.rts2800.a28L</file>
         <name>Memory.o28L</name>
      </input_file>
      <input_file id="fl-21">
         <path>C:\ti\bios_6_76_02_02\packages\ti\targets\rts2800\lib\</path>
         <kind>archive</kind>
         <file>ti.targets.rts2800.a28L</file>
         <name>Startup.o28L</name>
      </input_file>
      <input_file id="fl-22">
         <path>C:\ti\bios_6_76_02_02\packages\ti\targets\rts2800\lib\</path>
         <kind>archive</kind>
         <file>ti.targets.rts2800.a28L</file>
         <name>System.o28L</name>
      </input_file>
      <input_file id="fl-23">
         <path>C:\ti\bios_6_76_02_02\packages\ti\targets\rts2800\lib\</path>
         <kind>archive</kind>
         <file>ti.targets.rts2800.a28L</file>
         <name>SysMin.o28L</name>
      </input_file>
      <input_file id="fl-24">
         <path>C:\ti\bios_6_76_02_02\packages\ti\targets\rts2800\lib\</path>
         <kind>archive</kind>
         <file>ti.targets.rts2800.a28L</file>
         <name>Text.o28L</name>
      </input_file>
      <input_file id="fl-25">
         <path>C:\ti\bios_6_76_02_02\packages\ti\targets\rts2800\lib\</path>
         <kind>archive</kind>
         <file>ti.targets.rts2800.a28L</file>
         <name>xdc_noinit.o28L</name>
      </input_file>
      <input_file id="fl-26">
         <path>C:\ti\bios_6_76_02_02\packages\ti\targets\rts2800\lib\</path>
         <kind>archive</kind>
         <file>ti.targets.rts2800.a28L</file>
         <name>Log.o28L</name>
      </input_file>
      <input_file id="fl-27">
         <path>C:\ti\bios_6_76_02_02\packages\ti\targets\rts2800\lib\</path>
         <kind>archive</kind>
         <file>ti.targets.rts2800.a28L</file>
         <name>Registry.o28L</name>
      </input_file>
      <input_file id="fl-28">
         <path>C:\ti\bios_6_76_02_02\packages\ti\targets\rts2800\lib\</path>
         <kind>archive</kind>
         <file>boot.a28L</file>
         <name>boot_cg.o28L</name>
      </input_file>
      <input_file id="fl-34">
         <path>C:\ti\ccs831\ccsv8\tools\compiler\ti-cgt-c2000_18.1.4.LTS\lib\</path>
         <kind>archive</kind>
         <file>rts2800_ml.lib</file>
         <name>ll_div28.asm.obj</name>
      </input_file>
      <input_file id="fl-35">
         <path>C:\ti\ccs831\ccsv8\tools\compiler\ti-cgt-c2000_18.1.4.LTS\lib\</path>
         <kind>archive</kind>
         <file>rts2800_ml.lib</file>
         <name>cpy_tbl.c.obj</name>
      </input_file>
      <input_file id="fl-36">
         <path>C:\ti\ccs831\ccsv8\tools\compiler\ti-cgt-c2000_18.1.4.LTS\lib\</path>
         <kind>archive</kind>
         <file>rts2800_ml.lib</file>
         <name>memcpy.c.obj</name>
      </input_file>
      <input_file id="fl-37">
         <path>C:\ti\ccs831\ccsv8\tools\compiler\ti-cgt-c2000_18.1.4.LTS\lib\</path>
         <kind>archive</kind>
         <file>rts2800_ml.lib</file>
         <name>pre_init.c.obj</name>
      </input_file>
      <input_file id="fl-38">
         <path>C:\ti\ccs831\ccsv8\tools\compiler\ti-cgt-c2000_18.1.4.LTS\lib\</path>
         <kind>archive</kind>
         <file>rts2800_ml.lib</file>
         <name>startup.c.obj</name>
      </input_file>
      <input_file id="fl-39">
         <path>C:\ti\ccs831\ccsv8\tools\compiler\ti-cgt-c2000_18.1.4.LTS\lib\</path>
         <kind>archive</kind>
         <file>rts2800_ml.lib</file>
         <name>exit.c.obj</name>
      </input_file>
      <input_file id="fl-3a">
         <path>C:\ti\ccs831\ccsv8\tools\compiler\ti-cgt-c2000_18.1.4.LTS\lib\</path>
         <kind>archive</kind>
         <file>rts2800_ml.lib</file>
         <name>_lock.c.obj</name>
      </input_file>
      <input_file id="fl-3b">
         <path>C:\ti\ccs831\ccsv8\tools\compiler\ti-cgt-c2000_18.1.4.LTS\lib\</path>
         <kind>archive</kind>
         <file>rts2800_ml.lib</file>
         <name>args_main.c.obj</name>
      </input_file>
      <input_file id="fl-3c">
         <path>C:\ti\ccs831\ccsv8\tools\compiler\ti-cgt-c2000_18.1.4.LTS\lib\</path>
         <kind>archive</kind>
         <file>rts2800_ml.lib</file>
         <name>memset.c.obj</name>
      </input_file>
      <input_file id="fl-3d">
         <path>C:\ti\ccs831\ccsv8\tools\compiler\ti-cgt-c2000_18.1.4.LTS\lib\</path>
         <kind>archive</kind>
         <file>rts2800_ml.lib</file>
         <name>strcmp.c.obj</name>
      </input_file>
      <input_file id="fl-3e">
         <path>C:\ti\ccs831\ccsv8\tools\compiler\ti-cgt-c2000_18.1.4.LTS\lib\</path>
         <kind>archive</kind>
         <file>rts2800_ml.lib</file>
         <name>strlen.c.obj</name>
      </input_file>
      <input_file id="fl-3f">
         <path>C:\ti\ccs831\ccsv8\tools\compiler\ti-cgt-c2000_18.1.4.LTS\lib\</path>
         <kind>archive</kind>
         <file>rts2800_ml.lib</file>
         <name>hostwrite.c.obj</name>
      </input_file>
      <input_file id="fl-40">
         <path>C:\ti\ccs831\ccsv8\tools\compiler\ti-cgt-c2000_18.1.4.LTS\lib\</path>
         <kind>archive</kind>
         <file>rts2800_ml.lib</file>
         <name>trgmsg.c.obj</name>
      </input_file>
      <input_file id="fl-41">
         <path>C:\ti\ccs831\ccsv8\tools\compiler\ti-cgt-c2000_18.1.4.LTS\lib\</path>
         <kind>archive</kind>
         <file>rts2800_ml.lib</file>
         <name>hostopen.c.obj</name>
      </input_file>
   </input_file_list>
   <object_component_list>
      <object_component id="oc-5f">
         <name>PieVectTableFile</name>
         <uninitialized>true</uninitialized>
         <run_address>0xd00</run_address>
         <size>0x100</size>
         <input_file_ref idref="fl-3"/>
      </object_component>
      <object_component id="oc-3f">
         <name>EmuKeyVar</name>
         <uninitialized>true</uninitialized>
         <run_address>0xd00</run_address>
         <size>0x1</size>
         <input_file_ref idref="fl-3"/>
      </object_component>
      <object_component id="oc-41">
         <name>EmuBModeVar</name>
         <uninitialized>true</uninitialized>
         <run_address>0xd01</run_address>
         <size>0x1</size>
         <input_file_ref idref="fl-3"/>
      </object_component>
      <object_component id="oc-42">
         <name>FlashCallbackVar</name>
         <uninitialized>true</uninitialized>
         <run_address>0xd02</run_address>
         <size>0x2</size>
         <input_file_ref idref="fl-3"/>
      </object_component>
      <object_component id="oc-43">
         <name>FlashScalingVar</name>
         <uninitialized>true</uninitialized>
         <run_address>0xd04</run_address>
         <size>0x2</size>
         <input_file_ref idref="fl-3"/>
      </object_component>
      <object_component id="oc-45">
         <name>DevEmuRegsFile</name>
         <uninitialized>true</uninitialized>
         <run_address>0x880</run_address>
         <size>0x4</size>
         <input_file_ref idref="fl-3"/>
      </object_component>
      <object_component id="oc-44">
         <name>SysPwrCtrlRegsFile</name>
         <uninitialized>true</uninitialized>
         <run_address>0x985</run_address>
         <size>0x3</size>
         <input_file_ref idref="fl-3"/>
      </object_component>
      <object_component id="oc-46">
         <name>FlashRegsFile</name>
         <uninitialized>true</uninitialized>
         <run_address>0xa80</run_address>
         <size>0x8</size>
         <input_file_ref idref="fl-3"/>
      </object_component>
      <object_component id="oc-4e">
         <name>CsmRegsFile</name>
         <uninitialized>true</uninitialized>
         <run_address>0xae0</run_address>
         <size>0x10</size>
         <input_file_ref idref="fl-3"/>
      </object_component>
      <object_component id="oc-57">
         <name>AdcResultFile</name>
         <uninitialized>true</uninitialized>
         <run_address>0xb00</run_address>
         <size>0x20</size>
         <input_file_ref idref="fl-3"/>
      </object_component>
      <object_component id="oc-48">
         <name>CpuTimer0RegsFile</name>
         <uninitialized>true</uninitialized>
         <run_address>0xc00</run_address>
         <size>0x8</size>
         <input_file_ref idref="fl-3"/>
      </object_component>
      <object_component id="oc-47">
         <name>CpuTimer1RegsFile</name>
         <uninitialized>true</uninitialized>
         <run_address>0xc08</run_address>
         <size>0x8</size>
         <input_file_ref idref="fl-3"/>
      </object_component>
      <object_component id="oc-4a">
         <name>CpuTimer2RegsFile</name>
         <uninitialized>true</uninitialized>
         <run_address>0xc10</run_address>
         <size>0x8</size>
         <input_file_ref idref="fl-3"/>
      </object_component>
      <object_component id="oc-51">
         <name>PieCtrlRegsFile</name>
         <uninitialized>true</uninitialized>
         <run_address>0xce0</run_address>
         <size>0x1a</size>
         <input_file_ref idref="fl-3"/>
      </object_component>
      <object_component id="oc-53">
         <name>ECap1RegsFile</name>
         <uninitialized>true</uninitialized>
         <run_address>0x6a00</run_address>
         <size>0x20</size>
         <input_file_ref idref="fl-3"/>
      </object_component>
      <object_component id="oc-5b">
         <name>GpioCtrlRegsFile</name>
         <uninitialized>true</uninitialized>
         <run_address>0x6f80</run_address>
         <size>0x40</size>
         <input_file_ref idref="fl-3"/>
      </object_component>
      <object_component id="oc-56">
         <name>GpioDataRegsFile</name>
         <uninitialized>true</uninitialized>
         <run_address>0x6fc0</run_address>
         <size>0x20</size>
         <input_file_ref idref="fl-3"/>
      </object_component>
      <object_component id="oc-4b">
         <name>GpioIntRegsFile</name>
         <uninitialized>true</uninitialized>
         <run_address>0x6fe0</run_address>
         <size>0xa</size>
         <input_file_ref idref="fl-3"/>
      </object_component>
      <object_component id="oc-52">
         <name>SysCtrlRegsFile</name>
         <uninitialized>true</uninitialized>
         <run_address>0x7010</run_address>
         <size>0x1f</size>
         <input_file_ref idref="fl-3"/>
      </object_component>
      <object_component id="oc-50">
         <name>SpiaRegsFile</name>
         <uninitialized>true</uninitialized>
         <run_address>0x7040</run_address>
         <size>0x10</size>
         <input_file_ref idref="fl-3"/>
      </object_component>
      <object_component id="oc-4d">
         <name>SciaRegsFile</name>
         <uninitialized>true</uninitialized>
         <run_address>0x7050</run_address>
         <size>0x10</size>
         <input_file_ref idref="fl-3"/>
      </object_component>
      <object_component id="oc-4c">
         <name>NmiIntruptRegsFile</name>
         <uninitialized>true</uninitialized>
         <run_address>0x7060</run_address>
         <size>0x10</size>
         <input_file_ref idref="fl-3"/>
      </object_component>
      <object_component id="oc-4f">
         <name>XIntruptRegsFile</name>
         <uninitialized>true</uninitialized>
         <run_address>0x7070</run_address>
         <size>0x10</size>
         <input_file_ref idref="fl-3"/>
      </object_component>
      <object_component id="oc-5e">
         <name>AdcRegsFile</name>
         <uninitialized>true</uninitialized>
         <run_address>0x7100</run_address>
         <size>0x51</size>
         <input_file_ref idref="fl-3"/>
      </object_component>
      <object_component id="oc-58">
         <name>I2caRegsFile</name>
         <uninitialized>true</uninitialized>
         <run_address>0x7900</run_address>
         <size>0x22</size>
         <input_file_ref idref="fl-3"/>
      </object_component>
      <object_component id="oc-55">
         <name>Comp1RegsFile</name>
         <uninitialized>true</uninitialized>
         <run_address>0x6400</run_address>
         <size>0x20</size>
         <input_file_ref idref="fl-3"/>
      </object_component>
      <object_component id="oc-54">
         <name>Comp2RegsFile</name>
         <uninitialized>true</uninitialized>
         <run_address>0x6420</run_address>
         <size>0x20</size>
         <input_file_ref idref="fl-3"/>
      </object_component>
      <object_component id="oc-5c">
         <name>EPwm1RegsFile</name>
         <uninitialized>true</uninitialized>
         <run_address>0x6800</run_address>
         <size>0x40</size>
         <input_file_ref idref="fl-3"/>
      </object_component>
      <object_component id="oc-59">
         <name>EPwm2RegsFile</name>
         <uninitialized>true</uninitialized>
         <run_address>0x6840</run_address>
         <size>0x40</size>
         <input_file_ref idref="fl-3"/>
      </object_component>
      <object_component id="oc-5d">
         <name>EPwm3RegsFile</name>
         <uninitialized>true</uninitialized>
         <run_address>0x6880</run_address>
         <size>0x40</size>
         <input_file_ref idref="fl-3"/>
      </object_component>
      <object_component id="oc-5a">
         <name>EPwm4RegsFile</name>
         <uninitialized>true</uninitialized>
         <run_address>0x68c0</run_address>
         <size>0x40</size>
         <input_file_ref idref="fl-3"/>
      </object_component>
      <object_component id="oc-49">
         <name>CsmPwlFile</name>
         <uninitialized>true</uninitialized>
         <run_address>0x3f7ff8</run_address>
         <size>0x8</size>
         <input_file_ref idref="fl-3"/>
      </object_component>
      <object_component id="oc-40">
         <name>PartIdRegsFile</name>
         <uninitialized>true</uninitialized>
         <run_address>0x3d7fff</run_address>
         <size>0x1</size>
         <input_file_ref idref="fl-3"/>
      </object_component>
      <object_component id="oc-75">
         <name>.cinit</name>
         <load_address>0x3f3087</load_address>
         <run_address>0x3f3087</run_address>
         <size>0x23e</size>
         <input_file_ref idref="fl-a"/>
      </object_component>
      <object_component id="oc-62">
         <name>.cinit</name>
         <load_address>0x3f32c5</load_address>
         <run_address>0x3f32c5</run_address>
         <size>0x18</size>
         <input_file_ref idref="fl-4"/>
      </object_component>
      <object_component id="oc-10f">
         <name>.cinit</name>
         <load_address>0x3f32dd</load_address>
         <run_address>0x3f32dd</run_address>
         <size>0xe</size>
         <input_file_ref idref="fl-39"/>
      </object_component>
      <object_component id="oc-1a0">
         <name>.cinit:__lock</name>
         <load_address>0x3f32eb</load_address>
         <run_address>0x3f32eb</run_address>
         <size>0x5</size>
         <input_file_ref idref="fl-3a"/>
      </object_component>
      <object_component id="oc-1a1">
         <name>.cinit:__unlock</name>
         <load_address>0x3f32f0</load_address>
         <run_address>0x3f32f0</run_address>
         <size>0x5</size>
         <input_file_ref idref="fl-3a"/>
      </object_component>
      <object_component id="oc-1dd">
         <name>.text:_xdc_runtime_System_doPrint__I</name>
         <load_address>0x3f0000</load_address>
         <run_address>0x3f0000</run_address>
         <size>0x223</size>
         <input_file_ref idref="fl-22"/>
      </object_component>
      <object_component id="oc-181">
         <name>.text</name>
         <load_address>0x3f0223</load_address>
         <run_address>0x3f0223</run_address>
         <size>0x1cc</size>
         <input_file_ref idref="fl-5"/>
      </object_component>
      <object_component id="oc-f5">
         <name>.text</name>
         <load_address>0x3f03ef</load_address>
         <run_address>0x3f03ef</run_address>
         <size>0x107</size>
         <input_file_ref idref="fl-34"/>
      </object_component>
      <object_component id="oc-163">
         <name>.text:_xdc_runtime_HeapStd_alloc__E</name>
         <load_address>0x3f04f6</load_address>
         <run_address>0x3f04f6</run_address>
         <size>0xee</size>
         <input_file_ref idref="fl-1e"/>
      </object_component>
      <object_component id="oc-1d5">
         <name>.text:_ti_sysbios_family_c28_Hwi_clearInterrupt__E</name>
         <load_address>0x3f05e4</load_address>
         <run_address>0x3f05e4</run_address>
         <size>0xe1</size>
         <input_file_ref idref="fl-12"/>
      </object_component>
      <object_component id="oc-179">
         <name>.text:_xdc_runtime_LoggerBuf_write8__E</name>
         <load_address>0x3f06c5</load_address>
         <run_address>0x3f06c5</run_address>
         <size>0xb5</size>
         <input_file_ref idref="fl-1f"/>
      </object_component>
      <object_component id="oc-217">
         <name>.text:_xdc_runtime_System_printfExtend__I</name>
         <load_address>0x3f077a</load_address>
         <run_address>0x3f077a</run_address>
         <size>0xb0</size>
         <input_file_ref idref="fl-a"/>
      </object_component>
      <object_component id="oc-18d">
         <name>.text:_xdc_runtime_Core_createObject__I</name>
         <load_address>0x3f082a</load_address>
         <run_address>0x3f082a</run_address>
         <size>0x9f</size>
         <input_file_ref idref="fl-17"/>
      </object_component>
      <object_component id="oc-23b">
         <name>.text</name>
         <load_address>0x3f08c9</load_address>
         <run_address>0x3f08c9</run_address>
         <size>0x94</size>
         <input_file_ref idref="fl-40"/>
      </object_component>
      <object_component id="oc-1d6">
         <name>.text:_ti_sysbios_family_c28_Hwi_enableInterrupt__E</name>
         <load_address>0x3f095d</load_address>
         <run_address>0x3f095d</run_address>
         <size>0x8e</size>
         <input_file_ref idref="fl-12"/>
      </object_component>
      <object_component id="oc-1b7">
         <name>.text:_xdc_runtime_Error_policyDefault__E</name>
         <load_address>0x3f09eb</load_address>
         <run_address>0x3f09eb</run_address>
         <size>0x8c</size>
         <input_file_ref idref="fl-1b"/>
      </object_component>
      <object_component id="oc-237">
         <name>.text:_ti_sysbios_family_c28_Hwi_dispatch</name>
         <load_address>0x3f0a77</load_address>
         <run_address>0x3f0a77</run_address>
         <size>0x85</size>
         <input_file_ref idref="fl-14"/>
      </object_component>
      <object_component id="oc-19e">
         <name>.text:_xdc_runtime_HeapStd_Instance_init__E</name>
         <load_address>0x3f0afc</load_address>
         <run_address>0x3f0afc</run_address>
         <size>0x82</size>
         <input_file_ref idref="fl-1e"/>
      </object_component>
      <object_component id="oc-243">
         <name>.text:_ti_sysbios_family_c28_Hwi_disableInterrupt__E</name>
         <load_address>0x3f0b7e</load_address>
         <run_address>0x3f0b7e</run_address>
         <size>0x81</size>
         <input_file_ref idref="fl-12"/>
      </object_component>
      <object_component id="oc-1fe">
         <name>.text:_ti_sysbios_family_c28_Hwi_disablePIEIER__E</name>
         <load_address>0x3f0bff</load_address>
         <run_address>0x3f0bff</run_address>
         <size>0x80</size>
         <input_file_ref idref="fl-12"/>
      </object_component>
      <object_component id="oc-1fd">
         <name>.text:_ti_sysbios_family_c28_Hwi_enablePIEIER__E</name>
         <load_address>0x3f0c7f</load_address>
         <run_address>0x3f0c7f</run_address>
         <size>0x7f</size>
         <input_file_ref idref="fl-12"/>
      </object_component>
      <object_component id="oc-178">
         <name>.text:_xdc_runtime_LoggerBuf_write4__E</name>
         <load_address>0x3f0cfe</load_address>
         <run_address>0x3f0cfe</run_address>
         <size>0x79</size>
         <input_file_ref idref="fl-1f"/>
      </object_component>
      <object_component id="oc-1bb">
         <name>.text:_xdc_runtime_Startup_startMods__I</name>
         <load_address>0x3f0d77</load_address>
         <run_address>0x3f0d77</run_address>
         <size>0x71</size>
         <input_file_ref idref="fl-21"/>
      </object_component>
      <object_component id="oc-180">
         <name>.text</name>
         <load_address>0x3f0de8</load_address>
         <run_address>0x3f0de8</run_address>
         <size>0x70</size>
         <input_file_ref idref="fl-2"/>
      </object_component>
      <object_component id="oc-164">
         <name>.text:_xdc_runtime_HeapStd_free__E</name>
         <load_address>0x3f0e58</load_address>
         <run_address>0x3f0e58</run_address>
         <size>0x6c</size>
         <input_file_ref idref="fl-1e"/>
      </object_component>
      <object_component id="oc-38">
         <name>.text</name>
         <load_address>0x3f0ec4</load_address>
         <run_address>0x3f0ec4</run_address>
         <size>0x67</size>
         <input_file_ref idref="fl-28"/>
      </object_component>
      <object_component id="oc-238">
         <name>.text:_ti_sysbios_family_c28_Timer_stopAndClear__I</name>
         <load_address>0x3f0f2b</load_address>
         <run_address>0x3f0f2b</run_address>
         <size>0x66</size>
         <input_file_ref idref="fl-12"/>
      </object_component>
      <object_component id="oc-228">
         <name>.text:_xdc_runtime_Text_putSite__E</name>
         <load_address>0x3f0f91</load_address>
         <run_address>0x3f0f91</run_address>
         <size>0x5d</size>
         <input_file_ref idref="fl-24"/>
      </object_component>
      <object_component id="oc-14e">
         <name>.text</name>
         <load_address>0x3f0fee</load_address>
         <run_address>0x3f0fee</run_address>
         <size>0x5d</size>
         <input_file_ref idref="fl-4"/>
      </object_component>
      <object_component id="oc-1b6">
         <name>.text</name>
         <load_address>0x3f104b</load_address>
         <run_address>0x3f104b</run_address>
         <size>0x4d</size>
         <input_file_ref idref="fl-6"/>
      </object_component>
      <object_component id="oc-220">
         <name>.text:_ti_sysbios_family_c28_Hwi_Module_startup__E</name>
         <load_address>0x3f1098</load_address>
         <run_address>0x3f1098</run_address>
         <size>0x47</size>
         <input_file_ref idref="fl-12"/>
      </object_component>
      <object_component id="oc-248">
         <name>.text:_ti_sysbios_family_c28_Hwi_dispatchCore__I</name>
         <load_address>0x3f10df</load_address>
         <run_address>0x3f10df</run_address>
         <size>0x44</size>
         <input_file_ref idref="fl-12"/>
      </object_component>
      <object_component id="oc-227">
         <name>.text:_xdc_runtime_Text_putLab__E</name>
         <load_address>0x3f1123</load_address>
         <run_address>0x3f1123</run_address>
         <size>0x41</size>
         <input_file_ref idref="fl-24"/>
      </object_component>
      <object_component id="oc-234">
         <name>.text:_xdc_runtime_Text_putMod__E</name>
         <load_address>0x3f1164</load_address>
         <run_address>0x3f1164</run_address>
         <size>0x3f</size>
         <input_file_ref idref="fl-24"/>
      </object_component>
      <object_component id="oc-1da">
         <name>.text:_xdc_runtime_Memory_alloc__E</name>
         <load_address>0x3f11a3</load_address>
         <run_address>0x3f11a3</run_address>
         <size>0x3e</size>
         <input_file_ref idref="fl-20"/>
      </object_component>
      <object_component id="oc-18f">
         <name>.text:_xdc_runtime_Core_deleteObject__I</name>
         <load_address>0x3f11e1</load_address>
         <run_address>0x3f11e1</run_address>
         <size>0x3d</size>
         <input_file_ref idref="fl-17"/>
      </object_component>
      <object_component id="oc-17b">
         <name>.text:_xdc_runtime_LoggerBuf_getFilterLevel__E</name>
         <load_address>0x3f121e</load_address>
         <run_address>0x3f121e</run_address>
         <size>0x3d</size>
         <input_file_ref idref="fl-1f"/>
      </object_component>
      <object_component id="oc-231">
         <name>.text:_ti_sysbios_family_c28_Timer_postInit__I</name>
         <load_address>0x3f125b</load_address>
         <run_address>0x3f125b</run_address>
         <size>0x3c</size>
         <input_file_ref idref="fl-12"/>
      </object_component>
      <object_component id="oc-17a">
         <name>.text:_xdc_runtime_LoggerBuf_setFilterLevel__E</name>
         <load_address>0x3f1297</load_address>
         <run_address>0x3f1297</run_address>
         <size>0x3c</size>
         <input_file_ref idref="fl-1f"/>
      </object_component>
      <object_component id="oc-233">
         <name>.text</name>
         <load_address>0x3f12d3</load_address>
         <run_address>0x3f12d3</run_address>
         <size>0x38</size>
         <input_file_ref idref="fl-3f"/>
      </object_component>
      <object_component id="oc-20b">
         <name>.text:_xdc_runtime_System_formatNum__I</name>
         <load_address>0x3f130b</load_address>
         <run_address>0x3f130b</run_address>
         <size>0x33</size>
         <input_file_ref idref="fl-22"/>
      </object_component>
      <object_component id="oc-219">
         <name>.text:_xdc_runtime_Error_print__E</name>
         <load_address>0x3f133e</load_address>
         <run_address>0x3f133e</run_address>
         <size>0x30</size>
         <input_file_ref idref="fl-1b"/>
      </object_component>
      <object_component id="oc-1b3">
         <name>.text:_xdc_runtime_LoggerBuf_Instance_init__E</name>
         <load_address>0x3f136e</load_address>
         <run_address>0x3f136e</run_address>
         <size>0x2f</size>
         <input_file_ref idref="fl-1f"/>
      </object_component>
      <object_component id="oc-142">
         <name>.text:_xdc_runtime_Startup_exec__E</name>
         <load_address>0x3f139d</load_address>
         <run_address>0x3f139d</run_address>
         <size>0x2f</size>
         <input_file_ref idref="fl-21"/>
      </object_component>
      <object_component id="oc-154">
         <name>.text:.bootCodeSection:_ti_catalog_c2800_init_Boot_configurePll2802x</name>
         <load_address>0x3f13cc</load_address>
         <run_address>0x3f13cc</run_address>
         <size>0x2e</size>
         <input_file_ref idref="fl-15"/>
      </object_component>
      <object_component id="oc-216">
         <name>.text:_ti_sysbios_family_c28_Hwi_getInterruptFlag__E</name>
         <load_address>0x3f13fa</load_address>
         <run_address>0x3f13fa</run_address>
         <size>0x2d</size>
         <input_file_ref idref="fl-12"/>
      </object_component>
      <object_component id="oc-196">
         <name>.text:_xdc_runtime_Assert_raise__I</name>
         <load_address>0x3f1427</load_address>
         <run_address>0x3f1427</run_address>
         <size>0x2d</size>
         <input_file_ref idref="fl-16"/>
      </object_component>
      <object_component id="oc-1c6">
         <name>.text:_xdc_runtime_Core_assignParams__I</name>
         <load_address>0x3f1454</load_address>
         <run_address>0x3f1454</run_address>
         <size>0x2d</size>
         <input_file_ref idref="fl-1a"/>
      </object_component>
      <object_component id="oc-247">
         <name>.text:_xdc_runtime_Text_visitRope2__I</name>
         <load_address>0x3f1481</load_address>
         <run_address>0x3f1481</run_address>
         <size>0x2d</size>
         <input_file_ref idref="fl-24"/>
      </object_component>
      <object_component id="oc-1a4">
         <name>.text:_ti_sysbios_family_c28_Timer_start__E</name>
         <load_address>0x3f14ae</load_address>
         <run_address>0x3f14ae</run_address>
         <size>0x2c</size>
         <input_file_ref idref="fl-12"/>
      </object_component>
      <object_component id="oc-17c">
         <name>.text:_xdc_runtime_LoggerBuf_Object__create__S</name>
         <load_address>0x3f14da</load_address>
         <run_address>0x3f14da</run_address>
         <size>0x2c</size>
         <input_file_ref idref="fl-a"/>
      </object_component>
      <object_component id="oc-167">
         <name>.text:_xdc_runtime_HeapStd_Object__create__S</name>
         <load_address>0x3f1506</load_address>
         <run_address>0x3f1506</run_address>
         <size>0x2b</size>
         <input_file_ref idref="fl-a"/>
      </object_component>
      <object_component id="oc-1de">
         <name>.text:_xdc_runtime_Error_setX__E</name>
         <load_address>0x3f1531</load_address>
         <run_address>0x3f1531</run_address>
         <size>0x2a</size>
         <input_file_ref idref="fl-1b"/>
      </object_component>
      <object_component id="oc-210">
         <name>.text:_ti_sysbios_family_c28_Hwi_getStackInfo__E</name>
         <load_address>0x3f155b</load_address>
         <run_address>0x3f155b</run_address>
         <size>0x29</size>
         <input_file_ref idref="fl-12"/>
      </object_component>
      <object_component id="oc-7e">
         <name>.text:_ti_sysbios_family_c28_Hwi_unPluggedInterrupt__I</name>
         <load_address>0x3f1584</load_address>
         <run_address>0x3f1584</run_address>
         <size>0x29</size>
         <input_file_ref idref="fl-12"/>
      </object_component>
      <object_component id="oc-235">
         <name>.text:_xdc_runtime_Text_xprintf__I</name>
         <load_address>0x3f15ad</load_address>
         <run_address>0x3f15ad</run_address>
         <size>0x29</size>
         <input_file_ref idref="fl-24"/>
      </object_component>
      <object_component id="oc-1bf">
         <name>.text</name>
         <load_address>0x3f15d6</load_address>
         <run_address>0x3f15d6</run_address>
         <size>0x29</size>
         <input_file_ref idref="fl-39"/>
      </object_component>
      <object_component id="oc-202">
         <name>.text:_ti_sysbios_family_c28_Timer_getExpiredCounts64__E</name>
         <load_address>0x3f15ff</load_address>
         <run_address>0x3f15ff</run_address>
         <size>0x28</size>
         <input_file_ref idref="fl-12"/>
      </object_component>
      <object_component id="oc-1f0">
         <name>.text:_xdc_runtime_SysMin_flush__E</name>
         <load_address>0x3f1627</load_address>
         <run_address>0x3f1627</run_address>
         <size>0x26</size>
         <input_file_ref idref="fl-23"/>
      </object_component>
      <object_component id="oc-141">
         <name>.text</name>
         <load_address>0x3f164d</load_address>
         <run_address>0x3f164d</run_address>
         <size>0x24</size>
         <input_file_ref idref="fl-35"/>
      </object_component>
      <object_component id="oc-159">
         <name>.text:_xdc_runtime_System_processAtExit__E</name>
         <load_address>0x3f1671</load_address>
         <run_address>0x3f1671</run_address>
         <size>0x23</size>
         <input_file_ref idref="fl-22"/>
      </object_component>
      <object_component id="oc-23a">
         <name>.text:_ti_sysbios_family_c28_Timer_setPrescale__E</name>
         <load_address>0x3f1694</load_address>
         <run_address>0x3f1694</run_address>
         <size>0x20</size>
         <input_file_ref idref="fl-12"/>
      </object_component>
      <object_component id="oc-1a9">
         <name>.text:_xdc_runtime_LoggerBuf_filterOutEvent__I</name>
         <load_address>0x3f16b4</load_address>
         <run_address>0x3f16b4</run_address>
         <size>0x1e</size>
         <input_file_ref idref="fl-1f"/>
      </object_component>
      <object_component id="oc-16d">
         <name>.text:_xdc_runtime_System_atexit__E</name>
         <load_address>0x3f16d2</load_address>
         <run_address>0x3f16d2</run_address>
         <size>0x1e</size>
         <input_file_ref idref="fl-22"/>
      </object_component>
      <object_component id="oc-15f">
         <name>.text:_ti_sysbios_gates_GateHwi_Object__create__S</name>
         <load_address>0x3f16f0</load_address>
         <run_address>0x3f16f0</run_address>
         <size>0x1d</size>
         <input_file_ref idref="fl-a"/>
      </object_component>
      <object_component id="oc-229">
         <name>.text:_xdc_runtime_SysMin_putch__E</name>
         <load_address>0x3f170d</load_address>
         <run_address>0x3f170d</run_address>
         <size>0x1d</size>
         <input_file_ref idref="fl-23"/>
      </object_component>
      <object_component id="oc-155">
         <name>.text</name>
         <load_address>0x3f172a</load_address>
         <run_address>0x3f172a</run_address>
         <size>0x1d</size>
         <input_file_ref idref="fl-36"/>
      </object_component>
      <object_component id="oc-245">
         <name>.text:_ti_sysbios_family_c28_Hwi_switchAndDispatch__I</name>
         <load_address>0x3f1747</load_address>
         <run_address>0x3f1747</run_address>
         <size>0x1b</size>
         <input_file_ref idref="fl-13"/>
      </object_component>
      <object_component id="oc-215">
         <name>.text:_ti_sysbios_hal_Hwi_checkStack</name>
         <load_address>0x3f1762</load_address>
         <run_address>0x3f1762</run_address>
         <size>0x1b</size>
         <input_file_ref idref="fl-12"/>
      </object_component>
      <object_component id="oc-223">
         <name>.text:_xdc_runtime_SysMin_output__I</name>
         <load_address>0x3f177d</load_address>
         <run_address>0x3f177d</run_address>
         <size>0x1b</size>
         <input_file_ref idref="fl-a"/>
      </object_component>
      <object_component id="oc-1ba">
         <name>.text:_ti_sysbios_hal_Hwi_initStack</name>
         <load_address>0x3f1798</load_address>
         <run_address>0x3f1798</run_address>
         <size>0x1a</size>
         <input_file_ref idref="fl-12"/>
      </object_component>
      <object_component id="oc-190">
         <name>.text:_xdc_runtime_Core_assignLabel__I</name>
         <load_address>0x3f17b2</load_address>
         <run_address>0x3f17b2</run_address>
         <size>0x1a</size>
         <input_file_ref idref="fl-19"/>
      </object_component>
      <object_component id="oc-236">
         <name>.text:_xdc_runtime_System_avprintf__E</name>
         <load_address>0x3f17cc</load_address>
         <run_address>0x3f17cc</run_address>
         <size>0x1a</size>
         <input_file_ref idref="fl-22"/>
      </object_component>
      <object_component id="oc-1b5">
         <name>.text:_xdc_runtime_System_vprintf__E</name>
         <load_address>0x3f17e6</load_address>
         <run_address>0x3f17e6</run_address>
         <size>0x19</size>
         <input_file_ref idref="fl-22"/>
      </object_component>
      <object_component id="oc-144">
         <name>.text</name>
         <load_address>0x3f17ff</load_address>
         <run_address>0x3f17ff</run_address>
         <size>0x19</size>
         <input_file_ref idref="fl-3b"/>
      </object_component>
      <object_component id="oc-1f1">
         <name>.text:_xdc_runtime_Memory_valloc__E</name>
         <load_address>0x3f1818</load_address>
         <run_address>0x3f1818</run_address>
         <size>0x18</size>
         <input_file_ref idref="fl-20"/>
      </object_component>
      <object_component id="oc-20c">
         <name>.text:_xdc_runtime_System_putchar__I</name>
         <load_address>0x3f1830</load_address>
         <run_address>0x3f1830</run_address>
         <size>0x18</size>
         <input_file_ref idref="fl-22"/>
      </object_component>
      <object_component id="oc-16e">
         <name>.text:_ti_sysbios_family_c28_Timer_startup__E</name>
         <load_address>0x3f1848</load_address>
         <run_address>0x3f1848</run_address>
         <size>0x17</size>
         <input_file_ref idref="fl-12"/>
      </object_component>
      <object_component id="oc-21c">
         <name>.text:_xdc_runtime_LoggerBuf_Module_startup__E</name>
         <load_address>0x3f185f</load_address>
         <run_address>0x3f185f</run_address>
         <size>0x17</size>
         <input_file_ref idref="fl-1f"/>
      </object_component>
      <object_component id="oc-21a">
         <name>.text:_xdc_runtime_SysMin_abort__E</name>
         <load_address>0x3f1876</load_address>
         <run_address>0x3f1876</run_address>
         <size>0x17</size>
         <input_file_ref idref="fl-23"/>
      </object_component>
      <object_component id="oc-221">
         <name>.text:_ti_sysbios_family_c28_Timer_Module_startup__E</name>
         <load_address>0x3f188d</load_address>
         <run_address>0x3f188d</run_address>
         <size>0x16</size>
         <input_file_ref idref="fl-12"/>
      </object_component>
      <object_component id="oc-1db">
         <name>.text:_xdc_runtime_LoggerBuf_reset__E</name>
         <load_address>0x3f18a3</load_address>
         <run_address>0x3f18a3</run_address>
         <size>0x16</size>
         <input_file_ref idref="fl-1f"/>
      </object_component>
      <object_component id="oc-14b">
         <name>.text:_ti_sysbios_BIOS_startFunc__I</name>
         <load_address>0x3f18b9</load_address>
         <run_address>0x3f18b9</run_address>
         <size>0x15</size>
         <input_file_ref idref="fl-a"/>
      </object_component>
      <object_component id="oc-240">
         <name>.text:_xdc_runtime_Text_printVisFxn__I</name>
         <load_address>0x3f18ce</load_address>
         <run_address>0x3f18ce</run_address>
         <size>0x15</size>
         <input_file_ref idref="fl-24"/>
      </object_component>
      <object_component id="oc-1a6">
         <name>.text:_ti_sysbios_knl_Idle_run__E</name>
         <load_address>0x3f18e3</load_address>
         <run_address>0x3f18e3</run_address>
         <size>0x14</size>
         <input_file_ref idref="fl-12"/>
      </object_component>
      <object_component id="oc-16c">
         <name>.text:_ti_sysbios_BIOS_atExitFunc__I</name>
         <load_address>0x3f18f7</load_address>
         <run_address>0x3f18f7</run_address>
         <size>0x12</size>
         <input_file_ref idref="fl-a"/>
      </object_component>
      <object_component id="oc-160">
         <name>.text:_ti_sysbios_gates_GateHwi_Object__delete__S</name>
         <load_address>0x3f1909</load_address>
         <run_address>0x3f1909</run_address>
         <size>0x12</size>
         <input_file_ref idref="fl-a"/>
      </object_component>
      <object_component id="oc-17d">
         <name>.text:_xdc_runtime_LoggerBuf_Object__delete__S</name>
         <load_address>0x3f191b</load_address>
         <run_address>0x3f191b</run_address>
         <size>0x12</size>
         <input_file_ref idref="fl-a"/>
      </object_component>
      <object_component id="oc-168">
         <name>.text:_xdc_runtime_HeapStd_Object__delete__S</name>
         <load_address>0x3f192d</load_address>
         <run_address>0x3f192d</run_address>
         <size>0x11</size>
         <input_file_ref idref="fl-a"/>
      </object_component>
      <object_component id="oc-1c9">
         <name>.text:_xdc_runtime_Text_cordText__E</name>
         <load_address>0x3f193e</load_address>
         <run_address>0x3f193e</run_address>
         <size>0x11</size>
         <input_file_ref idref="fl-24"/>
      </object_component>
      <object_component id="oc-239">
         <name>.text:_ti_sysbios_family_c28_Timer_stop__E</name>
         <load_address>0x3f194f</load_address>
         <run_address>0x3f194f</run_address>
         <size>0x10</size>
         <input_file_ref idref="fl-12"/>
      </object_component>
      <object_component id="oc-1d8">
         <name>.text:_ti_sysbios_family_c28_TimestampProvider_get64__E</name>
         <load_address>0x3f195f</load_address>
         <run_address>0x3f195f</run_address>
         <size>0x10</size>
         <input_file_ref idref="fl-12"/>
      </object_component>
      <object_component id="oc-21e">
         <name>.text:_xdc_runtime_SysMin_Module_startup__E</name>
         <load_address>0x3f196f</load_address>
         <run_address>0x3f196f</run_address>
         <size>0x10</size>
         <input_file_ref idref="fl-23"/>
      </object_component>
      <object_component id="oc-153">
         <name>.text:.bootCodeSection:_ti_catalog_c2800_init_Boot_disableWatchdog</name>
         <load_address>0x3f197f</load_address>
         <run_address>0x3f197f</run_address>
         <size>0xf</size>
         <input_file_ref idref="fl-15"/>
      </object_component>
      <object_component id="oc-152">
         <name>.text:_xdc_runtime_Error_raiseX__E</name>
         <load_address>0x3f198e</load_address>
         <run_address>0x3f198e</run_address>
         <size>0xf</size>
         <input_file_ref idref="fl-1b"/>
      </object_component>
      <object_component id="oc-23e">
         <name>.text:_xdc_runtime_Registry_findById__E</name>
         <load_address>0x3f199d</load_address>
         <run_address>0x3f199d</run_address>
         <size>0xf</size>
         <input_file_ref idref="fl-27"/>
      </object_component>
      <object_component id="oc-20d">
         <name>.text:_ti_sysbios_BIOS_errorRaiseHook__I</name>
         <load_address>0x3f19ac</load_address>
         <run_address>0x3f19ac</run_address>
         <size>0xe</size>
         <input_file_ref idref="fl-a"/>
      </object_component>
      <object_component id="oc-22d">
         <name>.text:_xdc_runtime_LoggerBuf_Object__get__S</name>
         <load_address>0x3f19ba</load_address>
         <run_address>0x3f19ba</run_address>
         <size>0xe</size>
         <input_file_ref idref="fl-a"/>
      </object_component>
      <object_component id="oc-161">
         <name>.text:_ti_sysbios_gates_GateHwi_Handle__label__S</name>
         <load_address>0x3f19c8</load_address>
         <run_address>0x3f19c8</run_address>
         <size>0xd</size>
         <input_file_ref idref="fl-a"/>
      </object_component>
      <object_component id="oc-203">
         <name>.text:_xdc_runtime_Error_check__E</name>
         <load_address>0x3f19d5</load_address>
         <run_address>0x3f19d5</run_address>
         <size>0xd</size>
         <input_file_ref idref="fl-1b"/>
      </object_component>
      <object_component id="oc-169">
         <name>.text:_xdc_runtime_HeapStd_Handle__label__S</name>
         <load_address>0x3f19e2</load_address>
         <run_address>0x3f19e2</run_address>
         <size>0xd</size>
         <input_file_ref idref="fl-a"/>
      </object_component>
      <object_component id="oc-17e">
         <name>.text:_xdc_runtime_LoggerBuf_Handle__label__S</name>
         <load_address>0x3f19ef</load_address>
         <run_address>0x3f19ef</run_address>
         <size>0xd</size>
         <input_file_ref idref="fl-a"/>
      </object_component>
      <object_component id="oc-1e9">
         <name>.text:_xdc_runtime_System_abort__E</name>
         <load_address>0x3f19fc</load_address>
         <run_address>0x3f19fc</run_address>
         <size>0xd</size>
         <input_file_ref idref="fl-22"/>
      </object_component>
      <object_component id="oc-246">
         <name>.text:_ti_sysbios_family_c28_Hwi_disableIER__E</name>
         <load_address>0x3f1a09</load_address>
         <run_address>0x3f1a09</run_address>
         <size>0xc</size>
         <input_file_ref idref="fl-a"/>
      </object_component>
      <object_component id="oc-177">
         <name>.text:_xdc_runtime_LoggerBuf_write2__E</name>
         <load_address>0x3f1a15</load_address>
         <run_address>0x3f1a15</run_address>
         <size>0xc</size>
         <input_file_ref idref="fl-1f"/>
      </object_component>
      <object_component id="oc-1be">
         <name>.text:_xdc_runtime_SysMin_exit__E</name>
         <load_address>0x3f1a21</load_address>
         <run_address>0x3f1a21</run_address>
         <size>0xc</size>
         <input_file_ref idref="fl-23"/>
      </object_component>
      <object_component id="oc-207">
         <name>.text</name>
         <load_address>0x3f1a2d</load_address>
         <run_address>0x3f1a2d</run_address>
         <size>0xc</size>
         <input_file_ref idref="fl-3c"/>
      </object_component>
      <object_component id="oc-232">
         <name>.text:_ti_sysbios_family_c28_Hwi_Module__startupDone__F</name>
         <load_address>0x3f1a39</load_address>
         <run_address>0x3f1a39</run_address>
         <size>0xb</size>
         <input_file_ref idref="fl-a"/>
      </object_component>
      <object_component id="oc-230">
         <name>.text:_ti_sysbios_family_c28_Hwi_Object__get__S</name>
         <load_address>0x3f1a44</load_address>
         <run_address>0x3f1a44</run_address>
         <size>0xb</size>
         <input_file_ref idref="fl-a"/>
      </object_component>
      <object_component id="oc-1fb">
         <name>.text:_ti_sysbios_family_c28_Hwi_enableIER__E</name>
         <load_address>0x3f1a4f</load_address>
         <run_address>0x3f1a4f</run_address>
         <size>0xb</size>
         <input_file_ref idref="fl-a"/>
      </object_component>
      <object_component id="oc-1b4">
         <name>.text:_xdc_runtime_LoggerBuf_Instance_finalize__E</name>
         <load_address>0x3f1a5a</load_address>
         <run_address>0x3f1a5a</run_address>
         <size>0xb</size>
         <input_file_ref idref="fl-1f"/>
      </object_component>
      <object_component id="oc-176">
         <name>.text:_xdc_runtime_LoggerBuf_write1__E</name>
         <load_address>0x3f1a65</load_address>
         <run_address>0x3f1a65</run_address>
         <size>0xb</size>
         <input_file_ref idref="fl-1f"/>
      </object_component>
      <object_component id="oc-1c8">
         <name>.text:_xdc_runtime_Memory_free__E</name>
         <load_address>0x3f1a70</load_address>
         <run_address>0x3f1a70</run_address>
         <size>0xb</size>
         <input_file_ref idref="fl-20"/>
      </object_component>
      <object_component id="oc-145">
         <name>.text:_xdc_runtime_System_exit__E</name>
         <load_address>0x3f1a7b</load_address>
         <run_address>0x3f1a7b</run_address>
         <size>0xb</size>
         <input_file_ref idref="fl-22"/>
      </object_component>
      <object_component id="oc-14c">
         <name>.text:_ti_sysbios_BIOS_exitFunc__I</name>
         <load_address>0x3f1a86</load_address>
         <run_address>0x3f1a86</run_address>
         <size>0xa</size>
         <input_file_ref idref="fl-a"/>
      </object_component>
      <object_component id="oc-1af">
         <name>.text:_xdc_runtime_Error_init__E</name>
         <load_address>0x3f1a90</load_address>
         <run_address>0x3f1a90</run_address>
         <size>0xa</size>
         <input_file_ref idref="fl-1b"/>
      </object_component>
      <object_component id="oc-175">
         <name>.text:_xdc_runtime_LoggerBuf_write0__E</name>
         <load_address>0x3f1a9a</load_address>
         <run_address>0x3f1a9a</run_address>
         <size>0xa</size>
         <input_file_ref idref="fl-1f"/>
      </object_component>
      <object_component id="oc-241">
         <name>.text:_xdc_runtime_System_vsnprintf__E</name>
         <load_address>0x3f1aa4</load_address>
         <run_address>0x3f1aa4</run_address>
         <size>0xa</size>
         <input_file_ref idref="fl-22"/>
      </object_component>
      <object_component id="oc-1ce">
         <name>.text:_xdc_runtime_Text_ropeText__E</name>
         <load_address>0x3f1aae</load_address>
         <run_address>0x3f1aae</run_address>
         <size>0xa</size>
         <input_file_ref idref="fl-24"/>
      </object_component>
      <object_component id="oc-1ff">
         <name>.text:_ti_sysbios_family_c28_Hwi_restoreIER__E</name>
         <load_address>0x3f1ab8</load_address>
         <run_address>0x3f1ab8</run_address>
         <size>0x9</size>
         <input_file_ref idref="fl-a"/>
      </object_component>
      <object_component id="oc-222">
         <name>.text:_ti_sysbios_hal_Hwi_Module_startup__E</name>
         <load_address>0x3f1ac1</load_address>
         <run_address>0x3f1ac1</run_address>
         <size>0x9</size>
         <input_file_ref idref="fl-12"/>
      </object_component>
      <object_component id="oc-187">
         <name>.text:_xdc_runtime_Startup_exec__I</name>
         <load_address>0x3f1aca</load_address>
         <run_address>0x3f1aca</run_address>
         <size>0x9</size>
         <input_file_ref idref="fl-a"/>
      </object_component>
      <object_component id="oc-244">
         <name>.text:_xdc_runtime_Text_visitRope__I</name>
         <load_address>0x3f1ad3</load_address>
         <run_address>0x3f1ad3</run_address>
         <size>0x9</size>
         <input_file_ref idref="fl-a"/>
      </object_component>
      <object_component id="oc-19f">
         <name>.text</name>
         <load_address>0x3f1adc</load_address>
         <run_address>0x3f1adc</run_address>
         <size>0x9</size>
         <input_file_ref idref="fl-3a"/>
      </object_component>
      <object_component id="oc-171">
         <name>.text:_ti_sysbios_BIOS_setThreadType__E</name>
         <load_address>0x3f1ae5</load_address>
         <run_address>0x3f1ae5</run_address>
         <size>0x8</size>
         <input_file_ref idref="fl-12"/>
      </object_component>
      <object_component id="oc-204">
         <name>.text:_xdc_runtime_IHeap_alloc</name>
         <load_address>0x3f1aed</load_address>
         <run_address>0x3f1aed</run_address>
         <size>0x8</size>
         <input_file_ref idref="fl-a"/>
      </object_component>
      <object_component id="oc-1c7">
         <name>.text:_xdc_runtime_Memory_calloc__E</name>
         <load_address>0x3f1af5</load_address>
         <run_address>0x3f1af5</run_address>
         <size>0x8</size>
         <input_file_ref idref="fl-20"/>
      </object_component>
      <object_component id="oc-208">
         <name>.text:_xdc_runtime_SysMin_ready__E</name>
         <load_address>0x3f1afd</load_address>
         <run_address>0x3f1afd</run_address>
         <size>0x8</size>
         <input_file_ref idref="fl-23"/>
      </object_component>
      <object_component id="oc-20a">
         <name>.text</name>
         <load_address>0x3f1b05</load_address>
         <run_address>0x3f1b05</run_address>
         <size>0x8</size>
         <input_file_ref idref="fl-3e"/>
      </object_component>
      <object_component id="oc-140">
         <name>.text:.bootCodeSection:_ti_catalog_c2800_init_Boot_init</name>
         <load_address>0x3f1b0d</load_address>
         <run_address>0x3f1b0d</run_address>
         <size>0x7</size>
         <input_file_ref idref="fl-a"/>
      </object_component>
      <object_component id="oc-166">
         <name>.text:_xdc_runtime_HeapStd_getStats__E</name>
         <load_address>0x3f1b14</load_address>
         <run_address>0x3f1b14</run_address>
         <size>0x7</size>
         <input_file_ref idref="fl-1e"/>
      </object_component>
      <object_component id="oc-22b">
         <name>.text:_xdc_runtime_System_aprintf__E</name>
         <load_address>0x3f1b1b</load_address>
         <run_address>0x3f1b1b</run_address>
         <size>0x7</size>
         <input_file_ref idref="fl-a"/>
      </object_component>
      <object_component id="oc-17f">
         <name>.text:_xdc_runtime_System_printf__E</name>
         <load_address>0x3f1b22</load_address>
         <run_address>0x3f1b22</run_address>
         <size>0x7</size>
         <input_file_ref idref="fl-a"/>
      </object_component>
      <object_component id="oc-182">
         <name>.text:_ti_sysbios_BIOS_start__E</name>
         <load_address>0x3f1b29</load_address>
         <run_address>0x3f1b29</run_address>
         <size>0x6</size>
         <input_file_ref idref="fl-12"/>
      </object_component>
      <object_component id="oc-14f">
         <name>.text:_ti_sysbios_family_c28_TimestampProvider_rolloverFunc__E</name>
         <load_address>0x3f1b2f</load_address>
         <run_address>0x3f1b2f</run_address>
         <size>0x6</size>
         <input_file_ref idref="fl-12"/>
      </object_component>
      <object_component id="oc-1b9">
         <name>.text:_ti_sysbios_family_c28_TimestampProvider_startTimer__E</name>
         <load_address>0x3f1b35</load_address>
         <run_address>0x3f1b35</run_address>
         <size>0x6</size>
         <input_file_ref idref="fl-12"/>
      </object_component>
      <object_component id="oc-188">
         <name>.text:_xdc_runtime_Gate_enterSystem__E</name>
         <load_address>0x3f1b3b</load_address>
         <run_address>0x3f1b3b</run_address>
         <size>0x6</size>
         <input_file_ref idref="fl-1c"/>
      </object_component>
      <object_component id="oc-199">
         <name>.text:_xdc_runtime_Gate_leaveSystem__E</name>
         <load_address>0x3f1b41</load_address>
         <run_address>0x3f1b41</run_address>
         <size>0x6</size>
         <input_file_ref idref="fl-1c"/>
      </object_component>
      <object_component id="oc-173">
         <name>.text:_xdc_runtime_LoggerBuf_enable__E</name>
         <load_address>0x3f1b47</load_address>
         <run_address>0x3f1b47</run_address>
         <size>0x6</size>
         <input_file_ref idref="fl-1f"/>
      </object_component>
      <object_component id="oc-15d">
         <name>.text:_ti_sysbios_gates_GateHwi_enter__E</name>
         <load_address>0x3f1b4d</load_address>
         <run_address>0x3f1b4d</run_address>
         <size>0x5</size>
         <input_file_ref idref="fl-12"/>
      </object_component>
      <object_component id="oc-174">
         <name>.text:_xdc_runtime_LoggerBuf_disable__E</name>
         <load_address>0x3f1b52</load_address>
         <run_address>0x3f1b52</run_address>
         <size>0x5</size>
         <input_file_ref idref="fl-1f"/>
      </object_component>
      <object_component id="oc-1a5">
         <name>.text:_ti_sysbios_family_c28_Hwi_startup__E</name>
         <load_address>0x3f1b57</load_address>
         <run_address>0x3f1b57</run_address>
         <size>0x4</size>
         <input_file_ref idref="fl-a"/>
      </object_component>
      <object_component id="oc-1f3">
         <name>.text:_xdc_runtime_IHeap_free</name>
         <load_address>0x3f1b5b</load_address>
         <run_address>0x3f1b5b</run_address>
         <size>0x4</size>
         <input_file_ref idref="fl-a"/>
      </object_component>
      <object_component id="oc-198">
         <name>.text:_xdc_runtime_Memory_getMaxDefaultTypeAlign__E</name>
         <load_address>0x3f1b5f</load_address>
         <run_address>0x3f1b5f</run_address>
         <size>0x4</size>
         <input_file_ref idref="fl-20"/>
      </object_component>
      <object_component id="oc-16a">
         <name>.text:_xdc_runtime_Startup_rtsDone__E</name>
         <load_address>0x3f1b63</load_address>
         <run_address>0x3f1b63</run_address>
         <size>0x4</size>
         <input_file_ref idref="fl-21"/>
      </object_component>
      <object_component id="oc-146">
         <name>.text:___xdc__init</name>
         <load_address>0x3f1b67</load_address>
         <run_address>0x3f1b67</run_address>
         <size>0x3</size>
         <input_file_ref idref="fl-25"/>
      </object_component>
      <object_component id="oc-184">
         <name>.text:_ti_catalog_c2800_init_Boot_limpAbort</name>
         <load_address>0x3f1b6a</load_address>
         <run_address>0x3f1b6a</run_address>
         <size>0x3</size>
         <input_file_ref idref="fl-a"/>
      </object_component>
      <object_component id="oc-242">
         <name>.text:_ti_sysbios_family_c28_Hwi_dispatchC__I</name>
         <load_address>0x3f1b6d</load_address>
         <run_address>0x3f1b6d</run_address>
         <size>0x3</size>
         <input_file_ref idref="fl-12"/>
      </object_component>
      <object_component id="oc-226">
         <name>.text:_ti_sysbios_family_c28_Hwi_getIFR__I</name>
         <load_address>0x3f1b70</load_address>
         <run_address>0x3f1b70</run_address>
         <size>0x3</size>
         <input_file_ref idref="fl-13"/>
      </object_component>
      <object_component id="oc-21f">
         <name>.text:_ti_sysbios_family_c28_TimestampProvider_Module_startup__E</name>
         <load_address>0x3f1b73</load_address>
         <run_address>0x3f1b73</run_address>
         <size>0x3</size>
         <input_file_ref idref="fl-12"/>
      </object_component>
      <object_component id="oc-15e">
         <name>.text:_ti_sysbios_gates_GateHwi_leave__E</name>
         <load_address>0x3f1b76</load_address>
         <run_address>0x3f1b76</run_address>
         <size>0x3</size>
         <input_file_ref idref="fl-12"/>
      </object_component>
      <object_component id="oc-1ea">
         <name>.text:_ti_sysbios_hal_Hwi_HwiProxy_getStackInfo__E</name>
         <load_address>0x3f1b79</load_address>
         <run_address>0x3f1b79</run_address>
         <size>0x3</size>
         <input_file_ref idref="fl-a"/>
      </object_component>
      <object_component id="oc-16f">
         <name>.text:_ti_sysbios_hal_Hwi_startup__E</name>
         <load_address>0x3f1b7c</load_address>
         <run_address>0x3f1b7c</run_address>
         <size>0x3</size>
         <input_file_ref idref="fl-12"/>
      </object_component>
      <object_component id="oc-170">
         <name>.text:_ti_sysbios_knl_Idle_loop__E</name>
         <load_address>0x3f1b7f</load_address>
         <run_address>0x3f1b7f</run_address>
         <size>0x3</size>
         <input_file_ref idref="fl-12"/>
      </object_component>
      <object_component id="oc-1ac">
         <name>.text:_xdc_runtime_LoggerBuf_Module_GateProxy_enter__E</name>
         <load_address>0x3f1b82</load_address>
         <run_address>0x3f1b82</run_address>
         <size>0x3</size>
         <input_file_ref idref="fl-a"/>
      </object_component>
      <object_component id="oc-1ae">
         <name>.text:_xdc_runtime_LoggerBuf_Module_GateProxy_leave__E</name>
         <load_address>0x3f1b85</load_address>
         <run_address>0x3f1b85</run_address>
         <size>0x3</size>
         <input_file_ref idref="fl-a"/>
      </object_component>
      <object_component id="oc-1ad">
         <name>.text:_xdc_runtime_LoggerBuf_TimestampProxy_get64__E</name>
         <load_address>0x3f1b88</load_address>
         <run_address>0x3f1b88</run_address>
         <size>0x3</size>
         <input_file_ref idref="fl-a"/>
      </object_component>
      <object_component id="oc-1bd">
         <name>.text:_xdc_runtime_System_Module_GateProxy_enter__E</name>
         <load_address>0x3f1b8b</load_address>
         <run_address>0x3f1b8b</run_address>
         <size>0x3</size>
         <input_file_ref idref="fl-a"/>
      </object_component>
      <object_component id="oc-1d0">
         <name>.text:_xdc_runtime_System_Module_GateProxy_leave__E</name>
         <load_address>0x3f1b8e</load_address>
         <run_address>0x3f1b8e</run_address>
         <size>0x3</size>
         <input_file_ref idref="fl-a"/>
      </object_component>
      <object_component id="oc-21d">
         <name>.text:_xdc_runtime_System_Module_startup__E</name>
         <load_address>0x3f1b91</load_address>
         <run_address>0x3f1b91</run_address>
         <size>0x3</size>
         <input_file_ref idref="fl-22"/>
      </object_component>
      <object_component id="oc-20e">
         <name>.text:_xdc_runtime_System_SupportProxy_abort__E</name>
         <load_address>0x3f1b94</load_address>
         <run_address>0x3f1b94</run_address>
         <size>0x3</size>
         <input_file_ref idref="fl-a"/>
      </object_component>
      <object_component id="oc-189">
         <name>.text:_xdc_runtime_System_SupportProxy_exit__E</name>
         <load_address>0x3f1b97</load_address>
         <run_address>0x3f1b97</run_address>
         <size>0x3</size>
         <input_file_ref idref="fl-a"/>
      </object_component>
      <object_component id="oc-218">
         <name>.text:_xdc_runtime_System_SupportProxy_putch__E</name>
         <load_address>0x3f1b9a</load_address>
         <run_address>0x3f1b9a</run_address>
         <size>0x3</size>
         <input_file_ref idref="fl-a"/>
      </object_component>
      <object_component id="oc-1dc">
         <name>.text:_xdc_runtime_System_SupportProxy_ready__E</name>
         <load_address>0x3f1b9d</load_address>
         <run_address>0x3f1b9d</run_address>
         <size>0x3</size>
         <input_file_ref idref="fl-a"/>
      </object_component>
      <object_component id="oc-21b">
         <name>.text:_xdc_runtime_System_abortStd__E</name>
         <load_address>0x3f1ba0</load_address>
         <run_address>0x3f1ba0</run_address>
         <size>0x3</size>
         <input_file_ref idref="fl-22"/>
      </object_component>
      <object_component id="oc-18a">
         <name>.text:_xdc_runtime_System_exitStd__E</name>
         <load_address>0x3f1ba3</load_address>
         <run_address>0x3f1ba3</run_address>
         <size>0x3</size>
         <input_file_ref idref="fl-22"/>
      </object_component>
      <object_component id="oc-19a">
         <name>.text:_malloc</name>
         <load_address>0x3f1ba6</load_address>
         <run_address>0x3f1ba6</run_address>
         <size>0x2</size>
         <input_file_ref idref="fl-a"/>
      </object_component>
      <object_component id="oc-1b8">
         <name>.text:_ti_catalog_c2800_init_Boot_defaultLimpAbortFunction</name>
         <load_address>0x3f1ba8</load_address>
         <run_address>0x3f1ba8</run_address>
         <size>0x2</size>
         <input_file_ref idref="fl-15"/>
      </object_component>
      <object_component id="oc-15c">
         <name>.text:_ti_sysbios_gates_GateHwi_query__E</name>
         <load_address>0x3f1baa</load_address>
         <run_address>0x3f1baa</run_address>
         <size>0x2</size>
         <input_file_ref idref="fl-12"/>
      </object_component>
      <object_component id="oc-22a">
         <name>.text:_xdc_runtime_Error_getSite__E</name>
         <load_address>0x3f1bac</load_address>
         <run_address>0x3f1bac</run_address>
         <size>0x2</size>
         <input_file_ref idref="fl-1b"/>
      </object_component>
      <object_component id="oc-165">
         <name>.text:_xdc_runtime_HeapStd_isBlocking__E</name>
         <load_address>0x3f1bae</load_address>
         <run_address>0x3f1bae</run_address>
         <size>0x2</size>
         <input_file_ref idref="fl-1e"/>
      </object_component>
      <object_component id="oc-13f">
         <name>.text</name>
         <load_address>0x3f1bb0</load_address>
         <run_address>0x3f1bb0</run_address>
         <size>0x2</size>
         <input_file_ref idref="fl-37"/>
      </object_component>
      <object_component id="oc-19b">
         <name>.text:_free</name>
         <load_address>0x3f1bb2</load_address>
         <run_address>0x3f1bb2</run_address>
         <size>0x1</size>
         <input_file_ref idref="fl-a"/>
      </object_component>
      <object_component id="oc-16b">
         <name>.text:_ti_sysbios_BIOS_linkedWithIncorrectBootLibrary__E</name>
         <load_address>0x3f1bb3</load_address>
         <run_address>0x3f1bb3</run_address>
         <size>0x1</size>
         <input_file_ref idref="fl-12"/>
      </object_component>
      <object_component id="oc-1fc">
         <name>.text:_ti_sysbios_family_c28_Hwi_interruptReturn__I</name>
         <load_address>0x3f1bb4</load_address>
         <run_address>0x3f1bb4</run_address>
         <size>0x1</size>
         <input_file_ref idref="fl-13"/>
      </object_component>
      <object_component id="oc-18e">
         <name>.text:_ti_sysbios_gates_GateHwi_Instance_init__E</name>
         <load_address>0x3f1bb5</load_address>
         <run_address>0x3f1bb5</run_address>
         <size>0x1</size>
         <input_file_ref idref="fl-12"/>
      </object_component>
      <object_component id="oc-143">
         <name>.text</name>
         <load_address>0x3f1bb6</load_address>
         <run_address>0x3f1bb6</run_address>
         <size>0x1</size>
         <input_file_ref idref="fl-38"/>
      </object_component>
      <object_component id="oc-f0">
         <name>.stack</name>
         <uninitialized>true</uninitialized>
         <run_address>0x3e4</run_address>
         <size>0x0</size>
         <input_file_ref idref="fl-28"/>
      </object_component>
      <object_component id="oc-28c">
         <name>.stack</name>
         <uninitialized>true</uninitialized>
         <run_address>0x3e4</run_address>
         <size>0x0</size>
      </object_component>
      <object_component id="oc-63">
         <name>.ebss</name>
         <uninitialized>true</uninitialized>
         <run_address>0x3c0</run_address>
         <size>0x11</size>
         <input_file_ref idref="fl-4"/>
      </object_component>
      <object_component id="oc-6a">
         <name>.ebss</name>
         <uninitialized>true</uninitialized>
         <run_address>0x3d9</run_address>
         <size>0x1</size>
         <input_file_ref idref="fl-5"/>
      </object_component>
      <object_component id="oc-76">
         <name>.ebss</name>
         <uninitialized>true</uninitialized>
         <run_address>0x0</run_address>
         <size>0x3c0</size>
         <input_file_ref idref="fl-a"/>
      </object_component>
      <object_component id="oc-110">
         <name>.ebss</name>
         <uninitialized>true</uninitialized>
         <run_address>0x3da</run_address>
         <size>0x6</size>
         <input_file_ref idref="fl-39"/>
      </object_component>
      <object_component id="oc-1d3">
         <name>.ebss:__unlock</name>
         <uninitialized>true</uninitialized>
         <run_address>0x3e2</run_address>
         <size>0x2</size>
         <input_file_ref idref="fl-3a"/>
      </object_component>
      <object_component id="oc-1d4">
         <name>.ebss:__lock</name>
         <uninitialized>true</uninitialized>
         <run_address>0x3e0</run_address>
         <size>0x2</size>
         <input_file_ref idref="fl-3a"/>
      </object_component>
      <object_component id="oc-13a">
         <name>.ebss</name>
         <uninitialized>true</uninitialized>
         <run_address>0x3d1</run_address>
         <size>0x8</size>
         <input_file_ref idref="fl-41"/>
      </object_component>
      <object_component id="oc-134">
         <name>.cio</name>
         <uninitialized>true</uninitialized>
         <run_address>0x8000</run_address>
         <size>0x120</size>
         <input_file_ref idref="fl-40"/>
      </object_component>
      <object_component id="oc-148">
         <name>.econst:xdc_runtime_Text_charTab__A</name>
         <load_address>0x3f1bb8</load_address>
         <run_address>0x3f1bb8</run_address>
         <size>0x1063</size>
         <input_file_ref idref="fl-a"/>
      </object_component>
      <object_component id="oc-150">
         <name>.econst:ti_sysbios_family_c28_Hwi_Module__id__C</name>
         <load_address>0x3f2c1b</load_address>
         <run_address>0x3f2c1b</run_address>
         <size>0x1</size>
         <input_file_ref idref="fl-a"/>
      </object_component>
      <object_component id="oc-22e">
         <name>.econst:_ti_sysbios_family_c28_Hwi_vectors</name>
         <load_address>0x3f2c1c</load_address>
         <run_address>0x3f2c1c</run_address>
         <size>0x100</size>
         <input_file_ref idref="fl-a"/>
      </object_component>
      <object_component id="oc-78">
         <name>.econst:.string</name>
         <load_address>0x3f2d1c</load_address>
         <run_address>0x3f2d1c</run_address>
         <size>0x6b</size>
         <input_file_ref idref="fl-a"/>
      </object_component>
      <object_component id="oc-1fa">
         <name>.econst:ti_sysbios_family_c28_Hwi_NUM_INTERRUPTS_ALL__C</name>
         <load_address>0x3f2d87</load_address>
         <run_address>0x3f2d87</run_address>
         <size>0x1</size>
         <input_file_ref idref="fl-a"/>
      </object_component>
      <object_component id="oc-ab">
         <name>.econst:.string</name>
         <load_address>0x3f2d88</load_address>
         <run_address>0x3f2d88</run_address>
         <size>0x58</size>
         <input_file_ref idref="fl-1b"/>
      </object_component>
      <object_component id="oc-64">
         <name>.econst:.string</name>
         <load_address>0x3f2de0</load_address>
         <run_address>0x3f2de0</run_address>
         <size>0x51</size>
         <input_file_ref idref="fl-4"/>
      </object_component>
      <object_component id="oc-22f">
         <name>.econst:ti_sysbios_family_c28_Hwi_Object__count__C</name>
         <load_address>0x3f2e31</load_address>
         <run_address>0x3f2e31</run_address>
         <size>0x1</size>
         <input_file_ref idref="fl-a"/>
      </object_component>
      <object_component id="oc-e6">
         <name>.econst:.string</name>
         <load_address>0x3f2e32</load_address>
         <run_address>0x3f2e32</run_address>
         <size>0x47</size>
         <input_file_ref idref="fl-26"/>
      </object_component>
      <object_component id="oc-1a3">
         <name>.econst:ti_sysbios_family_c28_Timer_startupNeeded__C</name>
         <load_address>0x3f2e79</load_address>
         <run_address>0x3f2e79</run_address>
         <size>0x1</size>
         <input_file_ref idref="fl-a"/>
      </object_component>
      <object_component id="oc-db">
         <name>.econst:.string</name>
         <load_address>0x3f2e7a</load_address>
         <run_address>0x3f2e7a</run_address>
         <size>0x43</size>
         <input_file_ref idref="fl-24"/>
      </object_component>
      <object_component id="oc-149">
         <name>.econst:xdc_runtime_Text_nodeTab__A</name>
         <load_address>0x3f2ebd</load_address>
         <run_address>0x3f2ebd</run_address>
         <size>0x40</size>
         <input_file_ref idref="fl-a"/>
      </object_component>
      <object_component id="oc-224">
         <name>.econst:ti_sysbios_hal_Hwi_Module__id__C</name>
         <load_address>0x3f2efd</load_address>
         <run_address>0x3f2efd</run_address>
         <size>0x1</size>
         <input_file_ref idref="fl-a"/>
      </object_component>
      <object_component id="oc-ca">
         <name>.econst:.string</name>
         <load_address>0x3f2efe</load_address>
         <run_address>0x3f2efe</run_address>
         <size>0x2a</size>
         <input_file_ref idref="fl-21"/>
      </object_component>
      <object_component id="oc-14d">
         <name>.econst:xdc_runtime_LoggerBuf_Module__FXNS__C</name>
         <load_address>0x3f2f28</load_address>
         <run_address>0x3f2f28</run_address>
         <size>0x1e</size>
         <input_file_ref idref="fl-a"/>
      </object_component>
      <object_component id="oc-d0">
         <name>.econst:.string</name>
         <load_address>0x3f2f46</load_address>
         <run_address>0x3f2f46</run_address>
         <size>0x19</size>
         <input_file_ref idref="fl-22"/>
      </object_component>
      <object_component id="oc-1c5">
         <name>.econst:xdc_runtime_Core_Module__id__C</name>
         <load_address>0x3f2f5f</load_address>
         <run_address>0x3f2f5f</run_address>
         <size>0x1</size>
         <input_file_ref idref="fl-a"/>
      </object_component>
      <object_component id="oc-14a">
         <name>.econst:xdc_runtime_HeapStd_Module__FXNS__C</name>
         <load_address>0x3f2f60</load_address>
         <run_address>0x3f2f60</run_address>
         <size>0x14</size>
         <input_file_ref idref="fl-a"/>
      </object_component>
      <object_component id="oc-147">
         <name>.econst:ti_sysbios_gates_GateHwi_Module__FXNS__C</name>
         <load_address>0x3f2f74</load_address>
         <run_address>0x3f2f74</run_address>
         <size>0x12</size>
         <input_file_ref idref="fl-a"/>
      </object_component>
      <object_component id="oc-1d9">
         <name>.econst:xdc_runtime_LoggerBuf_Object__PARAMS__C</name>
         <load_address>0x3f2f86</load_address>
         <run_address>0x3f2f86</run_address>
         <size>0x12</size>
         <input_file_ref idref="fl-a"/>
      </object_component>
      <object_component id="oc-18c">
         <name>.econst:ti_sysbios_gates_GateHwi_Object__DESC__C</name>
         <load_address>0x3f2f98</load_address>
         <run_address>0x3f2f98</run_address>
         <size>0x10</size>
         <input_file_ref idref="fl-a"/>
      </object_component>
      <object_component id="oc-19d">
         <name>.econst:xdc_runtime_HeapStd_Object__DESC__C</name>
         <load_address>0x3f2fa8</load_address>
         <run_address>0x3f2fa8</run_address>
         <size>0x10</size>
         <input_file_ref idref="fl-a"/>
      </object_component>
      <object_component id="oc-1b2">
         <name>.econst:xdc_runtime_LoggerBuf_Object__DESC__C</name>
         <load_address>0x3f2fb8</load_address>
         <run_address>0x3f2fb8</run_address>
         <size>0x10</size>
         <input_file_ref idref="fl-a"/>
      </object_component>
      <object_component id="oc-1d1">
         <name>.econst:xdc_runtime_HeapStd_Object__PARAMS__C</name>
         <load_address>0x3f2fc8</load_address>
         <run_address>0x3f2fc8</run_address>
         <size>0xe</size>
         <input_file_ref idref="fl-a"/>
[...]
         <value>0x3f1b29</value>
         <object_component_ref idref="oc-182"/>
      </symbol>
      <symbol id="sm-51b">
         <name>_ti_sysbios_family_c28_Hwi_getIFR__I</name>
         <value>0x3f1b70</value>
         <object_component_ref idref="oc-226"/>
      </symbol>
      <symbol id="sm-51c">
         <name>_ti_sysbios_family_c28_Hwi_switchAndDispatch__I</name>
         <value>0x3f1747</value>
         <object_component_ref idref="oc-245"/>
      </symbol>
      <symbol id="sm-51d">
         <name>_ti_sysbios_family_c28_Hwi_interruptReturn__I</name>
         <value>0x3f1bb4</value>
         <object_component_ref idref="oc-1fc"/>
      </symbol>
      <symbol id="sm-5c2">
         <name>_ti_sysbios_family_c28_Hwi_dispatchTable</name>
         <value>0x3f0a77</value>
         <object_component_ref idref="oc-237"/>
      </symbol>
      <symbol id="sm-5c3">
         <name>_ti_sysbios_family_c28_Hwi_dispatchPie</name>
         <value>0x3f0ad4</value>
         <object_component_ref idref="oc-237"/>
      </symbol>
      <symbol id="sm-5d6">
         <name>_ti_catalog_c2800_init_Boot_configurePll2802x</name>
         <value>0x3f13cc</value>
         <object_component_ref idref="oc-154"/>
      </symbol>
      <symbol id="sm-5d7">
         <name>_ti_catalog_c2800_init_Boot_disableWatchdog</name>
         <value>0x3f197f</value>
         <object_component_ref idref="oc-153"/>
      </symbol>
      <symbol id="sm-5d8">
         <name>_ti_catalog_c2800_init_Boot_defaultLimpAbortFunction</name>
         <value>0x3f1ba8</value>
         <object_component_ref idref="oc-1b8"/>
      </symbol>
      <symbol id="sm-5ed">
         <name>_xdc_runtime_Assert_raise__I</name>
         <value>0x3f1427</value>
         <object_component_ref idref="oc-196"/>
      </symbol>
      <symbol id="sm-60d">
         <name>_xdc_runtime_Core_deleteObject__I</name>
         <value>0x3f11e1</value>
         <object_component_ref idref="oc-18f"/>
      </symbol>
      <symbol id="sm-60e">
         <name>_xdc_runtime_Core_createObject__I</name>
         <value>0x3f082a</value>
         <object_component_ref idref="oc-18d"/>
      </symbol>
      <symbol id="sm-626">
         <name>_xdc_runtime_Core_assignLabel__I</name>
         <value>0x3f17b2</value>
         <object_component_ref idref="oc-190"/>
      </symbol>
      <symbol id="sm-634">
         <name>_xdc_runtime_Core_assignParams__I</name>
         <value>0x3f1454</value>
         <object_component_ref idref="oc-1c6"/>
      </symbol>
      <symbol id="sm-660">
         <name>_xdc_runtime_Error_getSite__E</name>
         <value>0x3f1bac</value>
         <object_component_ref idref="oc-22a"/>
      </symbol>
      <symbol id="sm-661">
         <name>_xdc_runtime_Error_print__E</name>
         <value>0x3f133e</value>
         <object_component_ref idref="oc-219"/>
      </symbol>
      <symbol id="sm-662">
         <name>_xdc_runtime_Error_policyDefault__E</name>
         <value>0x3f09eb</value>
         <object_component_ref idref="oc-1b7"/>
      </symbol>
      <symbol id="sm-663">
         <name>_xdc_runtime_Error_init__E</name>
         <value>0x3f1a90</value>
         <object_component_ref idref="oc-1af"/>
      </symbol>
      <symbol id="sm-664">
         <name>_xdc_runtime_Error_raiseX__E</name>
         <value>0x3f198e</value>
         <object_component_ref idref="oc-152"/>
      </symbol>
      <symbol id="sm-665">
         <name>_xdc_runtime_Error_check__E</name>
         <value>0x3f19d5</value>
         <object_component_ref idref="oc-203"/>
      </symbol>
      <symbol id="sm-666">
         <name>_xdc_runtime_Error_setX__E</name>
         <value>0x3f1531</value>
         <object_component_ref idref="oc-1de"/>
      </symbol>
      <symbol id="sm-674">
         <name>_xdc_runtime_Gate_leaveSystem__E</name>
         <value>0x3f1b41</value>
         <object_component_ref idref="oc-199"/>
      </symbol>
      <symbol id="sm-675">
         <name>_xdc_runtime_Gate_enterSystem__E</name>
         <value>0x3f1b3b</value>
         <object_component_ref idref="oc-188"/>
      </symbol>
      <symbol id="sm-6bf">
         <name>_xdc_runtime_HeapStd_isBlocking__E</name>
         <value>0x3f1bae</value>
         <object_component_ref idref="oc-165"/>
      </symbol>
      <symbol id="sm-6c0">
         <name>_xdc_runtime_HeapStd_getStats__E</name>
         <value>0x3f1b14</value>
         <object_component_ref idref="oc-166"/>
      </symbol>
      <symbol id="sm-6c1">
         <name>_xdc_runtime_HeapStd_free__E</name>
         <value>0x3f0e58</value>
         <object_component_ref idref="oc-164"/>
      </symbol>
      <symbol id="sm-6c2">
         <name>_xdc_runtime_HeapStd_Instance_init__E</name>
         <value>0x3f0afc</value>
         <object_component_ref idref="oc-19e"/>
      </symbol>
      <symbol id="sm-6c3">
         <name>_xdc_runtime_HeapStd_alloc__E</name>
         <value>0x3f04f6</value>
         <object_component_ref idref="oc-163"/>
      </symbol>
      <symbol id="sm-712">
         <name>_xdc_runtime_LoggerBuf_write0__E</name>
         <value>0x3f1a9a</value>
         <object_component_ref idref="oc-175"/>
      </symbol>
      <symbol id="sm-713">
         <name>_xdc_runtime_LoggerBuf_Instance_init__E</name>
         <value>0x3f136e</value>
         <object_component_ref idref="oc-1b3"/>
      </symbol>
      <symbol id="sm-714">
         <name>_xdc_runtime_LoggerBuf_Module_startup__E</name>
         <value>0x3f185f</value>
         <object_component_ref idref="oc-21c"/>
      </symbol>
      <symbol id="sm-715">
         <name>_xdc_runtime_LoggerBuf_reset__E</name>
         <value>0x3f18a3</value>
         <object_component_ref idref="oc-1db"/>
      </symbol>
      <symbol id="sm-716">
         <name>_xdc_runtime_LoggerBuf_Instance_finalize__E</name>
         <value>0x3f1a5a</value>
         <object_component_ref idref="oc-1b4"/>
      </symbol>
      <symbol id="sm-717">
         <name>_xdc_runtime_LoggerBuf_write4__E</name>
         <value>0x3f0cfe</value>
         <object_component_ref idref="oc-178"/>
      </symbol>
      <symbol id="sm-718">
         <name>_xdc_runtime_LoggerBuf_getFilterLevel__E</name>
         <value>0x3f121e</value>
         <object_component_ref idref="oc-17b"/>
      </symbol>
      <symbol id="sm-719">
         <name>_xdc_runtime_LoggerBuf_disable__E</name>
         <value>0x3f1b52</value>
         <object_component_ref idref="oc-174"/>
      </symbol>
      <symbol id="sm-71a">
         <name>_xdc_runtime_LoggerBuf_setFilterLevel__E</name>
         <value>0x3f1297</value>
         <object_component_ref idref="oc-17a"/>
      </symbol>
      <symbol id="sm-71b">
         <name>_xdc_runtime_LoggerBuf_write8__E</name>
         <value>0x3f06c5</value>
         <object_component_ref idref="oc-179"/>
      </symbol>
      <symbol id="sm-71c">
         <name>_xdc_runtime_LoggerBuf_write2__E</name>
         <value>0x3f1a15</value>
         <object_component_ref idref="oc-177"/>
      </symbol>
      <symbol id="sm-71d">
         <name>_xdc_runtime_LoggerBuf_filterOutEvent__I</name>
         <value>0x3f16b4</value>
         <object_component_ref idref="oc-1a9"/>
      </symbol>
      <symbol id="sm-71e">
         <name>_xdc_runtime_LoggerBuf_write1__E</name>
         <value>0x3f1a65</value>
         <object_component_ref idref="oc-176"/>
      </symbol>
      <symbol id="sm-71f">
         <name>_xdc_runtime_LoggerBuf_enable__E</name>
         <value>0x3f1b47</value>
         <object_component_ref idref="oc-173"/>
      </symbol>
      <symbol id="sm-73a">
         <name>_xdc_runtime_Memory_calloc__E</name>
         <value>0x3f1af5</value>
         <object_component_ref idref="oc-1c7"/>
      </symbol>
      <symbol id="sm-73b">
         <name>_xdc_runtime_Memory_free__E</name>
         <value>0x3f1a70</value>
         <object_component_ref idref="oc-1c8"/>
      </symbol>
      <symbol id="sm-73c">
         <name>_xdc_runtime_Memory_valloc__E</name>
         <value>0x3f1818</value>
         <object_component_ref idref="oc-1f1"/>
      </symbol>
      <symbol id="sm-73d">
         <name>_xdc_runtime_Memory_alloc__E</name>
         <value>0x3f11a3</value>
         <object_component_ref idref="oc-1da"/>
      </symbol>
      <symbol id="sm-73e">
         <name>_xdc_runtime_Memory_getMaxDefaultTypeAlign__E</name>
         <value>0x3f1b5f</value>
         <object_component_ref idref="oc-198"/>
      </symbol>
      <symbol id="sm-760">
         <name>_xdc_runtime_Startup_startMods__I</name>
         <value>0x3f0d77</value>
         <object_component_ref idref="oc-1bb"/>
      </symbol>
      <symbol id="sm-761">
         <name>_xdc_runtime_Startup_rtsDone__E</name>
         <value>0x3f1b63</value>
         <object_component_ref idref="oc-16a"/>
      </symbol>
      <symbol id="sm-762">
         <name>_xdc_runtime_Startup_exec__E</name>
         <value>0x3f139d</value>
         <object_component_ref idref="oc-142"/>
      </symbol>
      <symbol id="sm-7e7">
         <name>_xdc_runtime_System_formatNum__I</name>
         <value>0x3f130b</value>
         <object_component_ref idref="oc-20b"/>
      </symbol>
      <symbol id="sm-7e8">
         <name>_xdc_runtime_System_exit__E</name>
         <value>0x3f1a7b</value>
         <object_component_ref idref="oc-145"/>
      </symbol>
      <symbol id="sm-7e9">
         <name>_xdc_runtime_System_exitStd__E</name>
         <value>0x3f1ba3</value>
         <object_component_ref idref="oc-18a"/>
      </symbol>
      <symbol id="sm-7ea">
         <name>_xdc_runtime_System_printf_va__F</name>
         <value>0x3f17e6</value>
         <object_component_ref idref="oc-1b5"/>
      </symbol>
      <symbol id="sm-7eb">
         <name>_xdc_runtime_System_atexit__E</name>
         <value>0x3f16d2</value>
         <object_component_ref idref="oc-16d"/>
      </symbol>
      <symbol id="sm-7ec">
         <name>_xdc_runtime_System_abortStd__E</name>
         <value>0x3f1ba0</value>
         <object_component_ref idref="oc-21b"/>
      </symbol>
      <symbol id="sm-7ed">
         <name>_xdc_runtime_System_putchar__I</name>
         <value>0x3f1830</value>
         <object_component_ref idref="oc-20c"/>
      </symbol>
      <symbol id="sm-7ee">
         <name>_xdc_runtime_System_snprintf_va__F</name>
         <value>0x3f1aa4</value>
         <object_component_ref idref="oc-241"/>
      </symbol>
      <symbol id="sm-7ef">
         <name>_xdc_runtime_System_Module_startup__E</name>
         <value>0x3f1b91</value>
         <object_component_ref idref="oc-21d"/>
      </symbol>
      <symbol id="sm-7f0">
         <name>_xdc_runtime_System_avprintf__E</name>
         <value>0x3f17cc</value>
         <object_component_ref idref="oc-236"/>
      </symbol>
      <symbol id="sm-7f1">
         <name>_xdc_runtime_System_vprintf__E</name>
         <value>0x3f17e6</value>
         <object_component_ref idref="oc-1b5"/>
      </symbol>
      <symbol id="sm-7f2">
         <name>_xdc_runtime_System_aprintf_va__F</name>
         <value>0x3f17cc</value>
         <object_component_ref idref="oc-236"/>
      </symbol>
      <symbol id="sm-7f3">
         <name>_xdc_runtime_System_doPrint__I</name>
         <value>0x3f0000</value>
         <object_component_ref idref="oc-1dd"/>
      </symbol>
      <symbol id="sm-7f4">
         <name>_xdc_runtime_System_processAtExit__E</name>
         <value>0x3f1671</value>
         <object_component_ref idref="oc-159"/>
      </symbol>
      <symbol id="sm-7f5">
         <name>_xdc_runtime_System_vsnprintf__E</name>
         <value>0x3f1aa4</value>
         <object_component_ref idref="oc-241"/>
      </symbol>
      <symbol id="sm-7f6">
         <name>_xdc_runtime_System_abort__E</name>
         <value>0x3f19fc</value>
         <object_component_ref idref="oc-1e9"/>
      </symbol>
      <symbol id="sm-814">
         <name>_xdc_runtime_SysMin_abort__E</name>
         <value>0x3f1876</value>
         <object_component_ref idref="oc-21a"/>
      </symbol>
      <symbol id="sm-815">
         <name>_xdc_runtime_SysMin_ready__E</name>
         <value>0x3f1afd</value>
         <object_component_ref idref="oc-208"/>
      </symbol>
      <symbol id="sm-816">
         <name>_xdc_runtime_SysMin_flush__E</name>
         <value>0x3f1627</value>
         <object_component_ref idref="oc-1f0"/>
      </symbol>
      <symbol id="sm-817">
         <name>_xdc_runtime_SysMin_Module_startup__E</name>
         <value>0x3f196f</value>
         <object_component_ref idref="oc-21e"/>
      </symbol>
      <symbol id="sm-818">
         <name>_xdc_runtime_SysMin_putch__E</name>
         <value>0x3f170d</value>
         <object_component_ref idref="oc-229"/>
      </symbol>
      <symbol id="sm-819">
         <name>_xdc_runtime_SysMin_exit__E</name>
         <value>0x3f1a21</value>
         <object_component_ref idref="oc-1be"/>
      </symbol>
      <symbol id="sm-85d">
         <name>_xdc_runtime_Text_putLab__E</name>
         <value>0x3f1123</value>
         <object_component_ref idref="oc-227"/>
      </symbol>
      <symbol id="sm-85e">
         <name>_xdc_runtime_Text_printVisFxn__I</name>
         <value>0x3f18ce</value>
         <object_component_ref idref="oc-240"/>
      </symbol>
      <symbol id="sm-85f">
         <name>_xdc_runtime_Text_putMod__E</name>
         <value>0x3f1164</value>
         <object_component_ref idref="oc-234"/>
      </symbol>
      <symbol id="sm-860">
         <name>_xdc_runtime_Text_cordText__E</name>
         <value>0x3f193e</value>
         <object_component_ref idref="oc-1c9"/>
      </symbol>
      <symbol id="sm-861">
         <name>_xdc_runtime_Text_xprintf__I</name>
         <value>0x3f15ad</value>
         <object_component_ref idref="oc-235"/>
      </symbol>
      <symbol id="sm-862">
         <name>_xdc_runtime_Text_visitRope2__I</name>
         <value>0x3f1481</value>
         <object_component_ref idref="oc-247"/>
      </symbol>
      <symbol id="sm-863">
         <name>_xdc_runtime_Text_ropeText__E</name>
         <value>0x3f1aae</value>
         <object_component_ref idref="oc-1ce"/>
      </symbol>
      <symbol id="sm-864">
         <name>_xdc_runtime_Text_putSite__E</name>
         <value>0x3f0f91</value>
         <object_component_ref idref="oc-228"/>
      </symbol>
      <symbol id="sm-870">
         <name>___xdc__init</name>
         <value>0x3f1b67</value>
         <object_component_ref idref="oc-146"/>
      </symbol>
      <symbol id="sm-890">
         <name>_xdc_runtime_Registry_findById__E</name>
         <value>0x3f199d</value>
         <object_component_ref idref="oc-23e"/>
      </symbol>
      <symbol id="sm-8ab">
         <name>_c_int00</name>
         <value>0x3f0ec4</value>
         <object_component_ref idref="oc-38"/>
      </symbol>
      <symbol id="sm-8ac">
         <name>__stack</name>
         <value>0x3e4</value>
         <object_component_ref idref="oc-f0"/>
      </symbol>
      <symbol id="sm-8d8">
         <name>ULL$$MOD</name>
         <value>0x3f0494</value>
         <object_component_ref idref="oc-f5"/>
      </symbol>
      <symbol id="sm-8d9">
         <name>ULL$$DIV</name>
         <value>0x3f0465</value>
         <object_component_ref idref="oc-f5"/>
      </symbol>
      <symbol id="sm-8da">
         <name>LL$$MOD</name>
         <value>0x3f042b</value>
         <object_component_ref idref="oc-f5"/>
      </symbol>
      <symbol id="sm-8db">
         <name>LL$$DIV</name>
         <value>0x3f03ef</value>
         <object_component_ref idref="oc-f5"/>
      </symbol>
      <symbol id="sm-8ea">
         <name>_copy_in</name>
         <value>0x3f164d</value>
         <object_component_ref idref="oc-141"/>
      </symbol>
      <symbol id="sm-8fb">
         <name>_memcpy</name>
         <value>0x3f172a</value>
         <object_component_ref idref="oc-155"/>
      </symbol>
      <symbol id="sm-907">
         <name>__system_pre_init</name>
         <value>0x3f1bb0</value>
         <object_component_ref idref="oc-13f"/>
      </symbol>
      <symbol id="sm-914">
         <name>__system_post_cinit</name>
         <value>0x3f1bb6</value>
         <object_component_ref idref="oc-143"/>
      </symbol>
      <symbol id="sm-928">
         <name>C$$EXIT</name>
         <value>0x3f15d6</value>
         <object_component_ref idref="oc-1bf"/>
      </symbol>
      <symbol id="sm-929">
         <name>_exit</name>
         <value>0x3f15d8</value>
         <object_component_ref idref="oc-1bf"/>
      </symbol>
      <symbol id="sm-92a">
         <name>___TI_cleanup_ptr</name>
         <value>0x3dc</value>
         <object_component_ref idref="oc-110"/>
      </symbol>
      <symbol id="sm-92b">
         <name>___TI_enable_exit_profile_output</name>
         <value>0x3da</value>
         <object_component_ref idref="oc-110"/>
      </symbol>
      <symbol id="sm-92c">
         <name>_abort</name>
         <value>0x3f15d6</value>
         <object_component_ref idref="oc-1bf"/>
      </symbol>
      <symbol id="sm-92d">
         <name>___TI_dtors_ptr</name>
         <value>0x3de</value>
         <object_component_ref idref="oc-110"/>
      </symbol>
      <symbol id="sm-941">
         <name>__unlock</name>
         <value>0x3e2</value>
         <object_component_ref idref="oc-1d3"/>
      </symbol>
      <symbol id="sm-942">
         <name>__lock</name>
         <value>0x3e0</value>
         <object_component_ref idref="oc-1d4"/>
      </symbol>
      <symbol id="sm-943">
         <name>__register_lock</name>
         <value>0x3f1ae0</value>
         <object_component_ref idref="oc-19f"/>
      </symbol>
      <symbol id="sm-944">
         <name>__nop</name>
         <value>0x3f1ae4</value>
         <object_component_ref idref="oc-19f"/>
      </symbol>
      <symbol id="sm-945">
         <name>__register_unlock</name>
         <value>0x3f1adc</value>
         <object_component_ref idref="oc-19f"/>
      </symbol>
      <symbol id="sm-954">
         <name>__args_main</name>
         <value>0x3f17ff</value>
         <object_component_ref idref="oc-144"/>
      </symbol>
      <symbol id="sm-962">
         <name>_memset</name>
         <value>0x3f1a2d</value>
         <object_component_ref idref="oc-207"/>
      </symbol>
      <symbol id="sm-978">
         <name>_strlen</name>
         <value>0x3f1b05</value>
         <object_component_ref idref="oc-20a"/>
      </symbol>
      <symbol id="sm-985">
         <name>_HOSTwrite</name>
         <value>0x3f12d3</value>
         <object_component_ref idref="oc-233"/>
      </symbol>
      <symbol id="sm-99d">
         <name>___TI_readmsg</name>
         <value>0x3f0921</value>
         <object_component_ref idref="oc-23b"/>
      </symbol>
      <symbol id="sm-99e">
         <name>C$$IO$$</name>
         <value>0x3f091c</value>
         <object_component_ref idref="oc-23b"/>
      </symbol>
      <symbol id="sm-99f">
         <name>__CIOBUF_</name>
         <value>0x8000</value>
         <object_component_ref idref="oc-134"/>
      </symbol>
      <symbol id="sm-9a0">
         <name>___TI_writemsg</name>
         <value>0x3f08c9</value>
         <object_component_ref idref="oc-23b"/>
      </symbol>
      <symbol id="sm-9ac">
         <name>_parmbuf</name>
         <value>0x3d1</value>
         <object_component_ref idref="oc-13a"/>
      </symbol>
   </symbol_table>
   <title>Link successful</title>
</link_info>
